// Jest Snapshot v1, https://goo.gl/fbAQLP

exports[`should render correctly 1`] = `
ShallowWrapper {
  "length": 1,
  Symbol(enzyme.__root__): [Circular],
  Symbol(enzyme.__unrendered__): <TodoListCard />,
  Symbol(enzyme.__renderer__): Object {
    "batchedUpdates": [Function],
    "getNode": [Function],
    "render": [Function],
    "simulateEvent": [Function],
    "unmount": [Function],
  },
  Symbol(enzyme.__node__): Object {
    "instance": null,
    "key": undefined,
    "nodeType": "host",
    "props": Object {
      "children": <div
        style={
                Object {
                        "margin": "auto",
                        "width": "100%",
                      }
        }
>
        <Grid
                className="projects-grid"
        >
                <Cell
                        col={4}
                >
                        <Card
                                shadow={0}
                                style={
                                        Object {
                                                "height": "320px",
                                                "margin": "auto",
                                                "width": "320px",
                                              }
                                }
                        >
                                <CardTitle
                                        expand={true}
                                        style={
                                                Object {
                                                        "background": "url(Images/todolist-app.jpg) center no-repeat #4BBCE3",
                                                        "backgroundSize": "200px",
                                                        "color": "#fff",
                                                      }
                                        }
                                />
                                <CardText>
                                        A simple todo list app created in react. Continuous test integration with Travis CI and hosted in Heroku.
                                </CardText>
                                <CardActions
                                        border={true}
                                >
                                        <Button
                                                colored={true}
                                                href="https://mohafizz-react-todolist.herokuapp.com/"
                                                raised={true}
                                                target="blank"
                                        >
                                                View Updates
                                        </Button>
                                </CardActions>
                        </Card>
                </Cell>
        </Grid>
</div>,
    },
    "ref": null,
    "rendered": Object {
      "instance": null,
      "key": undefined,
      "nodeType": "host",
      "props": Object {
        "children": <Grid
          className="projects-grid"
>
          <Cell
                    col={4}
          >
                    <Card
                              shadow={0}
                              style={
                                        Object {
                                                  "height": "320px",
                                                  "margin": "auto",
                                                  "width": "320px",
                                                }
                              }
                    >
                              <CardTitle
                                        expand={true}
                                        style={
                                                  Object {
                                                            "background": "url(Images/todolist-app.jpg) center no-repeat #4BBCE3",
                                                            "backgroundSize": "200px",
                                                            "color": "#fff",
                                                          }
                                        }
                              />
                              <CardText>
                                        A simple todo list app created in react. Continuous test integration with Travis CI and hosted in Heroku.
                              </CardText>
                              <CardActions
                                        border={true}
                              >
                                        <Button
                                                  colored={true}
                                                  href="https://mohafizz-react-todolist.herokuapp.com/"
                                                  raised={true}
                                                  target="blank"
                                        >
                                                  View Updates
                                        </Button>
                              </CardActions>
                    </Card>
          </Cell>
</Grid>,
        "style": Object {
          "margin": "auto",
          "width": "100%",
        },
      },
      "ref": null,
      "rendered": Object {
        "instance": null,
        "key": undefined,
        "nodeType": "function",
        "props": Object {
          "children": <Cell
            col={4}
>
            <Card
                        shadow={0}
                        style={
                                    Object {
                                                "height": "320px",
                                                "margin": "auto",
                                                "width": "320px",
                                              }
                        }
            >
                        <CardTitle
                                    expand={true}
                                    style={
                                                Object {
                                                            "background": "url(Images/todolist-app.jpg) center no-repeat #4BBCE3",
                                                            "backgroundSize": "200px",
                                                            "color": "#fff",
                                                          }
                                    }
                        />
                        <CardText>
                                    A simple todo list app created in react. Continuous test integration with Travis CI and hosted in Heroku.
                        </CardText>
                        <CardActions
                                    border={true}
                        >
                                    <Button
                                                colored={true}
                                                href="https://mohafizz-react-todolist.herokuapp.com/"
                                                raised={true}
                                                target="blank"
                                    >
                                                View Updates
                                    </Button>
                        </CardActions>
            </Card>
</Cell>,
          "className": "projects-grid",
        },
        "ref": null,
        "rendered": Object {
          "instance": null,
          "key": undefined,
          "nodeType": "function",
          "props": Object {
            "children": <Card
              shadow={0}
              style={
                            Object {
                                          "height": "320px",
                                          "margin": "auto",
                                          "width": "320px",
                                        }
              }
>
              <CardTitle
                            expand={true}
                            style={
                                          Object {
                                                        "background": "url(Images/todolist-app.jpg) center no-repeat #4BBCE3",
                                                        "backgroundSize": "200px",
                                                        "color": "#fff",
                                                      }
                            }
              />
              <CardText>
                            A simple todo list app created in react. Continuous test integration with Travis CI and hosted in Heroku.
              </CardText>
              <CardActions
                            border={true}
              >
                            <Button
                                          colored={true}
                                          href="https://mohafizz-react-todolist.herokuapp.com/"
                                          raised={true}
                                          target="blank"
                            >
                                          View Updates
                            </Button>
              </CardActions>
</Card>,
            "col": 4,
          },
          "ref": null,
          "rendered": Object {
            "instance": null,
            "key": undefined,
            "nodeType": "function",
            "props": Object {
              "children": Array [
                <CardTitle
                  expand={true}
                  style={
                                    Object {
                                                      "background": "url(Images/todolist-app.jpg) center no-repeat #4BBCE3",
                                                      "backgroundSize": "200px",
                                                      "color": "#fff",
                                                    }
                  }
/>,
                <CardText>
                  A simple todo list app created in react. Continuous test integration with Travis CI and hosted in Heroku.
</CardText>,
                <CardActions
                  border={true}
>
                  <Button
                                    colored={true}
                                    href="https://mohafizz-react-todolist.herokuapp.com/"
                                    raised={true}
                                    target="blank"
                  >
                                    View Updates
                  </Button>
</CardActions>,
              ],
              "shadow": 0,
              "style": Object {
                "height": "320px",
                "margin": "auto",
                "width": "320px",
              },
            },
            "ref": null,
            "rendered": Array [
              Object {
                "instance": null,
                "key": undefined,
                "nodeType": "function",
                "props": Object {
                  "expand": true,
                  "style": Object {
                    "background": "url(Images/todolist-app.jpg) center no-repeat #4BBCE3",
                    "backgroundSize": "200px",
                    "color": "#fff",
                  },
                },
                "ref": null,
                "rendered": null,
                "type": [Function],
              },
              Object {
                "instance": null,
                "key": undefined,
                "nodeType": "function",
                "props": Object {
                  "children": "A simple todo list app created in react. Continuous test integration with Travis CI and hosted in Heroku.",
                },
                "ref": null,
                "rendered": "A simple todo list app created in react. Continuous test integration with Travis CI and hosted in Heroku.",
                "type": [Function],
              },
              Object {
                "instance": null,
                "key": undefined,
                "nodeType": "function",
                "props": Object {
                  "border": true,
                  "children": <Button
                    colored={true}
                    href="https://mohafizz-react-todolist.herokuapp.com/"
                    raised={true}
                    target="blank"
>
                    View Updates
</Button>,
                },
                "ref": null,
                "rendered": Object {
                  "instance": null,
                  "key": undefined,
                  "nodeType": "class",
                  "props": Object {
                    "children": "View Updates",
                    "colored": true,
                    "href": "https://mohafizz-react-todolist.herokuapp.com/",
                    "raised": true,
                    "target": "blank",
                  },
                  "ref": null,
                  "rendered": "View Updates",
                  "type": [Function],
                },
                "type": [Function],
              },
            ],
            "type": [Function],
          },
          "type": [Function],
        },
        "type": [Function],
      },
      "type": "div",
    },
    "type": "div",
  },
  Symbol(enzyme.__nodes__): Array [
    Object {
      "instance": null,
      "key": undefined,
      "nodeType": "host",
      "props": Object {
        "children": <div
          style={
                    Object {
                              "margin": "auto",
                              "width": "100%",
                            }
          }
>
          <Grid
                    className="projects-grid"
          >
                    <Cell
                              col={4}
                    >
                              <Card
                                        shadow={0}
                                        style={
                                                  Object {
                                                            "height": "320px",
                                                            "margin": "auto",
                                                            "width": "320px",
                                                          }
                                        }
                              >
                                        <CardTitle
                                                  expand={true}
                                                  style={
                                                            Object {
                                                                      "background": "url(Images/todolist-app.jpg) center no-repeat #4BBCE3",
                                                                      "backgroundSize": "200px",
                                                                      "color": "#fff",
                                                                    }
                                                  }
                                        />
                                        <CardText>
                                                  A simple todo list app created in react. Continuous test integration with Travis CI and hosted in Heroku.
                                        </CardText>
                                        <CardActions
                                                  border={true}
                                        >
                                                  <Button
                                                            colored={true}
                                                            href="https://mohafizz-react-todolist.herokuapp.com/"
                                                            raised={true}
                                                            target="blank"
                                                  >
                                                            View Updates
                                                  </Button>
                                        </CardActions>
                              </Card>
                    </Cell>
          </Grid>
</div>,
      },
      "ref": null,
      "rendered": Object {
        "instance": null,
        "key": undefined,
        "nodeType": "host",
        "props": Object {
          "children": <Grid
            className="projects-grid"
>
            <Cell
                        col={4}
            >
                        <Card
                                    shadow={0}
                                    style={
                                                Object {
                                                            "height": "320px",
                                                            "margin": "auto",
                                                            "width": "320px",
                                                          }
                                    }
                        >
                                    <CardTitle
                                                expand={true}
                                                style={
                                                            Object {
                                                                        "background": "url(Images/todolist-app.jpg) center no-repeat #4BBCE3",
                                                                        "backgroundSize": "200px",
                                                                        "color": "#fff",
                                                                      }
                                                }
                                    />
                                    <CardText>
                                                A simple todo list app created in react. Continuous test integration with Travis CI and hosted in Heroku.
                                    </CardText>
                                    <CardActions
                                                border={true}
                                    >
                                                <Button
                                                            colored={true}
                                                            href="https://mohafizz-react-todolist.herokuapp.com/"
                                                            raised={true}
                                                            target="blank"
                                                >
                                                            View Updates
                                                </Button>
                                    </CardActions>
                        </Card>
            </Cell>
</Grid>,
          "style": Object {
            "margin": "auto",
            "width": "100%",
          },
        },
        "ref": null,
        "rendered": Object {
          "instance": null,
          "key": undefined,
          "nodeType": "function",
          "props": Object {
            "children": <Cell
              col={4}
>
              <Card
                            shadow={0}
                            style={
                                          Object {
                                                        "height": "320px",
                                                        "margin": "auto",
                                                        "width": "320px",
                                                      }
                            }
              >
                            <CardTitle
                                          expand={true}
                                          style={
                                                        Object {
                                                                      "background": "url(Images/todolist-app.jpg) center no-repeat #4BBCE3",
                                                                      "backgroundSize": "200px",
                                                                      "color": "#fff",
                                                                    }
                                          }
                            />
                            <CardText>
                                          A simple todo list app created in react. Continuous test integration with Travis CI and hosted in Heroku.
                            </CardText>
                            <CardActions
                                          border={true}
                            >
                                          <Button
                                                        colored={true}
                                                        href="https://mohafizz-react-todolist.herokuapp.com/"
                                                        raised={true}
                                                        target="blank"
                                          >
                                                        View Updates
                                          </Button>
                            </CardActions>
              </Card>
</Cell>,
            "className": "projects-grid",
          },
          "ref": null,
          "rendered": Object {
            "instance": null,
            "key": undefined,
            "nodeType": "function",
            "props": Object {
              "children": <Card
                shadow={0}
                style={
                                Object {
                                                "height": "320px",
                                                "margin": "auto",
                                                "width": "320px",
                                              }
                }
>
                <CardTitle
                                expand={true}
                                style={
                                                Object {
                                                                "background": "url(Images/todolist-app.jpg) center no-repeat #4BBCE3",
                                                                "backgroundSize": "200px",
                                                                "color": "#fff",
                                                              }
                                }
                />
                <CardText>
                                A simple todo list app created in react. Continuous test integration with Travis CI and hosted in Heroku.
                </CardText>
                <CardActions
                                border={true}
                >
                                <Button
                                                colored={true}
                                                href="https://mohafizz-react-todolist.herokuapp.com/"
                                                raised={true}
                                                target="blank"
                                >
                                                View Updates
                                </Button>
                </CardActions>
</Card>,
              "col": 4,
            },
            "ref": null,
            "rendered": Object {
              "instance": null,
              "key": undefined,
              "nodeType": "function",
              "props": Object {
                "children": Array [
                  <CardTitle
                    expand={true}
                    style={
                                        Object {
                                                            "background": "url(Images/todolist-app.jpg) center no-repeat #4BBCE3",
                                                            "backgroundSize": "200px",
                                                            "color": "#fff",
                                                          }
                    }
/>,
                  <CardText>
                    A simple todo list app created in react. Continuous test integration with Travis CI and hosted in Heroku.
</CardText>,
                  <CardActions
                    border={true}
>
                    <Button
                                        colored={true}
                                        href="https://mohafizz-react-todolist.herokuapp.com/"
                                        raised={true}
                                        target="blank"
                    >
                                        View Updates
                    </Button>
</CardActions>,
                ],
                "shadow": 0,
                "style": Object {
                  "height": "320px",
                  "margin": "auto",
                  "width": "320px",
                },
              },
              "ref": null,
              "rendered": Array [
                Object {
                  "instance": null,
                  "key": undefined,
                  "nodeType": "function",
                  "props": Object {
                    "expand": true,
                    "style": Object {
                      "background": "url(Images/todolist-app.jpg) center no-repeat #4BBCE3",
                      "backgroundSize": "200px",
                      "color": "#fff",
                    },
                  },
                  "ref": null,
                  "rendered": null,
                  "type": [Function],
                },
                Object {
                  "instance": null,
                  "key": undefined,
                  "nodeType": "function",
                  "props": Object {
                    "children": "A simple todo list app created in react. Continuous test integration with Travis CI and hosted in Heroku.",
                  },
                  "ref": null,
                  "rendered": "A simple todo list app created in react. Continuous test integration with Travis CI and hosted in Heroku.",
                  "type": [Function],
                },
                Object {
                  "instance": null,
                  "key": undefined,
                  "nodeType": "function",
                  "props": Object {
                    "border": true,
                    "children": <Button
                      colored={true}
                      href="https://mohafizz-react-todolist.herokuapp.com/"
                      raised={true}
                      target="blank"
>
                      View Updates
</Button>,
                  },
                  "ref": null,
                  "rendered": Object {
                    "instance": null,
                    "key": undefined,
                    "nodeType": "class",
                    "props": Object {
                      "children": "View Updates",
                      "colored": true,
                      "href": "https://mohafizz-react-todolist.herokuapp.com/",
                      "raised": true,
                      "target": "blank",
                    },
                    "ref": null,
                    "rendered": "View Updates",
                    "type": [Function],
                  },
                  "type": [Function],
                },
              ],
              "type": [Function],
            },
            "type": [Function],
          },
          "type": [Function],
        },
        "type": "div",
      },
      "type": "div",
    },
  ],
  Symbol(enzyme.__options__): Object {
    "adapter": ReactSixteenAdapter {
      "options": Object {
        "enableComponentDidUpdateOnSetState": true,
      },
    },
  },
}
`;
