// Jest Snapshot v1, https://goo.gl/fbAQLP

exports[`should render correctly 1`] = `
ShallowWrapper {
  "length": 1,
  Symbol(enzyme.__root__): [Circular],
  Symbol(enzyme.__unrendered__): <Projects />,
  Symbol(enzyme.__renderer__): Object {
    "batchedUpdates": [Function],
    "getNode": [Function],
    "render": [Function],
    "simulateEvent": [Function],
    "unmount": [Function],
  },
  Symbol(enzyme.__node__): Object {
    "instance": null,
    "key": undefined,
    "nodeType": "host",
    "props": Object {
      "children": <div
        style={
                Object {
                        "margin": "auto",
                        "width": "100%",
                      }
        }
>
        <Grid
                className="projects-grid"
        >
                <Cell
                        col={4}
                        tablet={6}
                >
                        <HtmlCssBlogCard />
                </Cell>
                <Cell
                        col={4}
                        tablet={6}
                >
                        <TodoListCard />
                </Cell>
                <Cell
                        col={4}
                        tablet={6}
                >
                        <UpcomingProjectCard />
                </Cell>
        </Grid>
</div>,
    },
    "ref": null,
    "rendered": Object {
      "instance": null,
      "key": undefined,
      "nodeType": "host",
      "props": Object {
        "children": <Grid
          className="projects-grid"
>
          <Cell
                    col={4}
                    tablet={6}
          >
                    <HtmlCssBlogCard />
          </Cell>
          <Cell
                    col={4}
                    tablet={6}
          >
                    <TodoListCard />
          </Cell>
          <Cell
                    col={4}
                    tablet={6}
          >
                    <UpcomingProjectCard />
          </Cell>
</Grid>,
        "style": Object {
          "margin": "auto",
          "width": "100%",
        },
      },
      "ref": null,
      "rendered": Object {
        "instance": null,
        "key": undefined,
        "nodeType": "function",
        "props": Object {
          "children": Array [
            <Cell
              col={4}
              tablet={6}
>
              <HtmlCssBlogCard />
</Cell>,
            <Cell
              col={4}
              tablet={6}
>
              <TodoListCard />
</Cell>,
            <Cell
              col={4}
              tablet={6}
>
              <UpcomingProjectCard />
</Cell>,
          ],
          "className": "projects-grid",
        },
        "ref": null,
        "rendered": Array [
          Object {
            "instance": null,
            "key": undefined,
            "nodeType": "function",
            "props": Object {
              "children": <HtmlCssBlogCard />,
              "col": 4,
              "tablet": 6,
            },
            "ref": null,
            "rendered": Object {
              "instance": null,
              "key": undefined,
              "nodeType": "function",
              "props": Object {},
              "ref": null,
              "rendered": null,
              "type": [Function],
            },
            "type": [Function],
          },
          Object {
            "instance": null,
            "key": undefined,
            "nodeType": "function",
            "props": Object {
              "children": <TodoListCard />,
              "col": 4,
              "tablet": 6,
            },
            "ref": null,
            "rendered": Object {
              "instance": null,
              "key": undefined,
              "nodeType": "function",
              "props": Object {},
              "ref": null,
              "rendered": null,
              "type": [Function],
            },
            "type": [Function],
          },
          Object {
            "instance": null,
            "key": undefined,
            "nodeType": "function",
            "props": Object {
              "children": <UpcomingProjectCard />,
              "col": 4,
              "tablet": 6,
            },
            "ref": null,
            "rendered": Object {
              "instance": null,
              "key": undefined,
              "nodeType": "function",
              "props": Object {},
              "ref": null,
              "rendered": null,
              "type": [Function],
            },
            "type": [Function],
          },
        ],
        "type": [Function],
      },
      "type": "div",
    },
    "type": "div",
  },
  Symbol(enzyme.__nodes__): Array [
    Object {
      "instance": null,
      "key": undefined,
      "nodeType": "host",
      "props": Object {
        "children": <div
          style={
                    Object {
                              "margin": "auto",
                              "width": "100%",
                            }
          }
>
          <Grid
                    className="projects-grid"
          >
                    <Cell
                              col={4}
                              tablet={6}
                    >
                              <HtmlCssBlogCard />
                    </Cell>
                    <Cell
                              col={4}
                              tablet={6}
                    >
                              <TodoListCard />
                    </Cell>
                    <Cell
                              col={4}
                              tablet={6}
                    >
                              <UpcomingProjectCard />
                    </Cell>
          </Grid>
</div>,
      },
      "ref": null,
      "rendered": Object {
        "instance": null,
        "key": undefined,
        "nodeType": "host",
        "props": Object {
          "children": <Grid
            className="projects-grid"
>
            <Cell
                        col={4}
                        tablet={6}
            >
                        <HtmlCssBlogCard />
            </Cell>
            <Cell
                        col={4}
                        tablet={6}
            >
                        <TodoListCard />
            </Cell>
            <Cell
                        col={4}
                        tablet={6}
            >
                        <UpcomingProjectCard />
            </Cell>
</Grid>,
          "style": Object {
            "margin": "auto",
            "width": "100%",
          },
        },
        "ref": null,
        "rendered": Object {
          "instance": null,
          "key": undefined,
          "nodeType": "function",
          "props": Object {
            "children": Array [
              <Cell
                col={4}
                tablet={6}
>
                <HtmlCssBlogCard />
</Cell>,
              <Cell
                col={4}
                tablet={6}
>
                <TodoListCard />
</Cell>,
              <Cell
                col={4}
                tablet={6}
>
                <UpcomingProjectCard />
</Cell>,
            ],
            "className": "projects-grid",
          },
          "ref": null,
          "rendered": Array [
            Object {
              "instance": null,
              "key": undefined,
              "nodeType": "function",
              "props": Object {
                "children": <HtmlCssBlogCard />,
                "col": 4,
                "tablet": 6,
              },
              "ref": null,
              "rendered": Object {
                "instance": null,
                "key": undefined,
                "nodeType": "function",
                "props": Object {},
                "ref": null,
                "rendered": null,
                "type": [Function],
              },
              "type": [Function],
            },
            Object {
              "instance": null,
              "key": undefined,
              "nodeType": "function",
              "props": Object {
                "children": <TodoListCard />,
                "col": 4,
                "tablet": 6,
              },
              "ref": null,
              "rendered": Object {
                "instance": null,
                "key": undefined,
                "nodeType": "function",
                "props": Object {},
                "ref": null,
                "rendered": null,
                "type": [Function],
              },
              "type": [Function],
            },
            Object {
              "instance": null,
              "key": undefined,
              "nodeType": "function",
              "props": Object {
                "children": <UpcomingProjectCard />,
                "col": 4,
                "tablet": 6,
              },
              "ref": null,
              "rendered": Object {
                "instance": null,
                "key": undefined,
                "nodeType": "function",
                "props": Object {},
                "ref": null,
                "rendered": null,
                "type": [Function],
              },
              "type": [Function],
            },
          ],
          "type": [Function],
        },
        "type": "div",
      },
      "type": "div",
    },
  ],
  Symbol(enzyme.__options__): Object {
    "adapter": ReactSixteenAdapter {
      "options": Object {
        "enableComponentDidUpdateOnSetState": true,
      },
    },
  },
}
`;
